{
  "test_case_id": "case_001_20250926_Messdaten_condensed",
  "description": "Ground truth generated from 20250926_Messdaten_condensed.xlsx",
  "difficulty": "medium",
  "format": "xlsx",
  "focus_areas": [
    "pollutant_extraction",
    "value_parsing"
  ],
  "expected_extraction": {
    "pollutant_characterization": {
      "pollutant_list": [
        {
          "name": "1-Methoxy-2-propanol",
          "cas_number": null,
          "concentration": null,
          "concentration_unit": "",
          "category": "VOC"
        },
        {
          "name": "Benzylalkohol",
          "cas_number": null,
          "concentration": null,
          "concentration_unit": "",
          "category": "VOC"
        }
      ],
      "total_load": {
        "tvoc": null,
        "tvoc_unit": null,
        "total_carbon": null,
        "odor_units": null
      },
      "measurement_tables": "Sheet: Systeme\nDimensions: 16 rows × 4 columns\nColumns: Stoff, Liter, Parts, Comment\n\n--- Data Preview (first 16 rows) ---\n                    Stoff Liter     Parts              Comment\n              Primer P60A    4L     Base                 Chrom\n                      NaN    2L  Hardener                  NaN\n                      NaN     -    Water                   NaN\n   Seevenax Primer 113-22  6 kg      Base                Chrom\n                      NaN  6 kg Hardener                   NaN\n                      NaN  5 kg   Thinner                  NaN\n         Topcoat F69 grau    4L      Base           Kein Chrom\n                      NaN    2L  Hardener                  NaN\n                      NaN     -     Water                  NaN\n             Diestone DLS   20L         - 1-Methoxy-2-propanol\n                      NaN   NaN       NaN                  NaN\n                     D760   30L         -        Benzylalkohol\n                      NaN   NaN       NaN                  NaN\nCelomer, 4125/2047 BAC707    4L      Base           Kein Chrom\n                      NaN    2L Activator                  NaN\n                      NaN    5L   Thinner                  NaN\n======================================================================\n\n======================================================================\nSheet: 4125\nDimensions: 44 rows × 4 columns\nColumns: 10 Hz 20mg 332.7 m3/h, Aus, An, Abbau [%]\n\n--- Data Preview (first 44 rows) ---\n 10 Hz 20mg 332.7 m3/h    Aus     An Abbau [%]\n     UV 1440W (4.33Wh)   23.8    3.2        86\n      UV 960W (2.89Wh)   23.3      6        74\n      UV 480W (1.44Wh)   20.8   10.2        51\n         Plasma 4Wh/m3   22.8   11.1        51\n         Plasma 6Wh/m3   30.2    8.6        72\n         Plasma 8Wh/m3   28.3    1.1        96\n    Plasma 6Wh UV 960W   16.3      0       100\n                   NaN    NaN    NaN       NaN\n 10 Hz 50mg 327.2 m3/h    Aus     An Abbau [%]\n      UV 1440W (4.4Wh)   40.6   19.9        51\n       UV 960W (2.9Wh)   48.5     32        34\n       UV 480W (1.5Wh)   48.5   40.9        16\n                   NaN    NaN    NaN       NaN\n10 Hz 150mg 327.2 m3/h    Aus     An Abbau [%]\n      UV 1440W (4.4Wh)  157.3  124.5        21\n       UV 960W (2.9Wh)  153.8  138.1        10\n       UV 480W (1.5Wh)  153.9  144.7         6\n                   NaN    NaN    NaN       NaN\n 20 Hz 20mg 522.4 m3/h    Aus     An Abbau [%]\n     UV 1440W (2.76Wh)   23.4   11.6        50\n      UV 960W (1.84Wh)     21     14        33\n      UV 480W (0.92Wh)     21   16.2        23\n         Plasma 4Wh/m3   20.4      8        61\n         Plasma 6Wh/m3   21.2    4.5        79\n         Plasma 8Wh/m3   22.1    1.2        95\n   Plasma 6Wh UV 1440W   22.2      0       100\n                   NaN    NaN    NaN       NaN\n 20 Hz 50mg 486.9 m3/h    Aus     An Abbau [%]\n        UV 1440W (3Wh)     54   39.7        26\n         UV 960W (2Wh)   51.5   43.3        16\n         UV 480W (1Wh)   51.5   48.2         6\n         Plasma 4Wh/m3   51.2   37.2        27\n         Plasma 6Wh/m3   49.9   28.4        43\n         Plasma 8Wh/m3   55.8   28.8        48\n   Plasma 6Wh UV 1440W   53.5   19.8        63\n                   NaN    NaN    NaN       NaN\n20 Hz 150mg 486.9 m3/h    Aus     An Abbau [%]\n        UV 1440W (3Wh)  152.6    141         8\n         UV 960W (2Wh)  154.5  145.9         6\n         UV 480W (1Wh)  149.8  146.9         2\n         Plasma 4Wh/m3  149.8  130.9        13\n         Plasma 6Wh/m3  151.5  122.3        19\n         Plasma 8Wh/m3  153.4  119.1        22\n   Plasma 6Wh UV 1440W  154.8  109.3        29\n======================================================================\n\n======================================================================\nSheet: F69\nDimensions: 45 rows × 4 columns\nColumns: 10 Hz 20mg 335.9 m3/h, Aus, An, Abbau [%]\n\n--- Data Preview (first 45 rows) ---\n 10 Hz 20mg 335.9 m3/h    Aus                                  An Abbau [%]\n      UV 1440W (4.3Wh)   19.3                                 8.3        57\n       UV 960W (2.9Wh)   19.6                                10.4        47\n       UV 480W (1.4Wh)   19.4                                13.7        29\n         Plasma 4Wh/m3   18.9                                 9.3        51\n         Plasma 6Wh/m3   18.2                                 5.7        69\n         Plasma 8Wh/m3   18.4                                 3.1        83\n    Plasma 6Wh UV 960W   17.8                                 1.6        91\n                   NaN    NaN                                 NaN       NaN\n 10 Hz 50mg 335.9 m3/h    Aus                                  An Abbau [%]\n      UV 1440W (4.3Wh)   52.6                                35.6        32\n       UV 960W (2.9Wh)   50.9                                38.6        24\n       UV 480W (1.4Wh)   50.2                                  43        14\n                   NaN    NaN                                 NaN       NaN\n10 Hz 150mg 335.9 m3/h    Aus                                  An Abbau [%]\n      UV 1440W (4.3Wh)    153                               134.3        12\n       UV 960W (2.9Wh)  143.9                               135.5         6\n       UV 480W (1.4Wh)  143.9                               138.2         4\n                   NaN    NaN                                 NaN       NaN\n 20 Hz 20mg 477.8 m3/h    Aus                                  An Abbau [%]\n        UV 1440W (3Wh)   22.3                                17.2        23\n         UV 960W (2Wh)   23.2                                17.3        25\n         UV 480W (1Wh)   20.8                                18.3        12\n         Plasma 4Wh/m3   19.8                                11.5        42\n         Plasma 6Wh/m3   20.2                                 8.5        58\n         Plasma 8Wh/m3   20.3                                 5.9        71\n   Plasma 6Wh UV 1440W   19.5                                 3.4        83\n       Kolonnenwäscher   18.3                                13.2        28\n                   NaN    NaN                                 NaN       NaN\n 20 Hz 50mg 482.4 m3/h    Aus                                  An Abbau [%]\n        UV 1440W (3Wh)   51.2                                43.5        15\n         UV 960W (2Wh)   48.9                                44.5         9\n         UV 480W (1Wh)   48.9                                46.6         5\n         Plasma 4Wh/m3   48.6                                38.6        21\n         Plasma 6Wh/m3   47.1                                  34        28\n         Plasma 8Wh/m3   46.4                                29.7        36\n   Plasma 6Wh UV 1440W   46.6                                24.2        48\n                   NaN    NaN                                 NaN       NaN\n   20 Hz 150mg XX m3/h    Aus                                  An Abbau [%]\n        UV 1440W (3Wh)    NaN nicht möglich Schwankungen zu gross       NaN\n         UV 960W (2Wh)    NaN nicht möglich Schwankungen zu gross       NaN\n         UV 480W (1Wh)    NaN nicht möglich Schwankungen zu gross       NaN\n         Plasma 4Wh/m3    NaN nicht möglich Schwankungen zu gross       NaN\n         Plasma 6Wh/m3    NaN nicht möglich Schwankungen zu gross       NaN\n         Plasma 8Wh/m3    NaN nicht möglich Schwankungen zu gross       NaN\n   Plasma 6Wh UV 1440W    NaN nicht möglich Schwankungen zu gross       NaN\n======================================================================\n\n======================================================================\nSheet: Diestone\nDimensions: 31 rows × 4 columns\nColumns: 10 Hz 20mg 333.9 m3/h, Aus, An, Abbau [%]\n\n--- Data Preview (first 31 rows) ---\n 10 Hz 20mg 333.9 m3/h    Aus     An Abbau [%]\n      UV 1440W (4.3Wh)   24.3   10.7        56\n       UV 960W (2.9Wh)   20.4   11.9        41\n       UV 480W (1.4Wh)   20.4   16.5        19\n                   NaN    NaN    NaN       NaN\n 10 Hz 50mg 333.9 m3/h    Aus     An Abbau [%]\n      UV 1440W (4.3Wh)   52.6     33        37\n       UV 960W (2.9Wh)   51.5   37.6        27\n       UV 480W (1.4Wh)     50   43.6        13\n                   NaN    NaN    NaN       NaN\n10 Hz 150mg 333.9 m3/h    Aus     An Abbau [%]\n      UV 1440W (4.3Wh)    149    131        12\n       UV 960W (2.9Wh)  143.8  127.9        11\n       UV 480W (1.4Wh)    142  134.5         5\n                   NaN    NaN    NaN       NaN\n  20 Hz 20mg 494.0m3/h    Aus     An Abbau [%]\n      UV 1440W (2.9Wh)   28.5   19.6        31\n       UV 960W (1.9Wh)     24   18.6        23\n         UV 480W (1Wh)   21.9     19        13\n         Plasma 4Wh/m3   20.7   13.4        35\n         Plasma 6Wh/m3   19.4    9.1        53\n         Plasma 8Wh/m3   17.9      6        66\n   Plasma 6Wh UV 1440W   16.4    3.2        80\n                   NaN    NaN    NaN       NaN\n  20 Hz 50mg 471.1m3/h    Aus     An Abbau [%]\n      UV 1440W (3.1Wh)   49.9   41.7        16\n       UV 960W (2.0Wh)   50.1   44.8        11\n         UV 480W (1Wh)   48.4   45.5         6\n         Plasma 4Wh/m3     49     39        20\n         Plasma 6Wh/m3   48.1   32.5        32\n         Plasma 8Wh/m3   48.2   31.2        35\n   Plasma 6Wh UV 1440W   47.1     25        47\n======================================================================\n\n======================================================================\nSheet: Seevenax\nDimensions: 40 rows × 4 columns\nColumns: 10 Hz 20mg 342.6 m3/h, Aus, An, Abbau [%]\n\n--- Data Preview (first 40 rows) ---\n 10 Hz 20mg 342.6 m3/h    Aus     An Abbau [%]\n      UV 1440W (4.2Wh)    NaN    NaN        62\n       UV 960W (2.8Wh)    NaN    NaN        42\n       UV 480W (1.4Wh)    NaN    NaN        14\n                   NaN    NaN    NaN       NaN\n 10 Hz 50mg 342.6 m3/h    Aus     An Abbau [%]\n      UV 1440W (4.2Wh)   58.8     40        31\n       UV 960W (2.8Wh)     51   40.5        21\n       UV 480W (1.4Wh)   48.9   45.5         7\n                   NaN    NaN    NaN       NaN\n10 Hz 150mg 342.6 m3/h    Aus     An Abbau [%]\n      UV 1440W (4.2Wh)  159.4  141.4        11\n       UV 960W (2.8Wh)  150.5  142.1         6\n       UV 480W (1.4Wh)  147.5    144         2\n                   NaN    NaN    NaN       NaN\n  20 Hz 20mg 482.1m3/h    Aus     An Abbau [%]\n      UV 1440W (3.0Wh)     18     12        33\n       UV 960W (2.0Wh)   18.1   14.8        18\n       UV 480W (1.0Wh)   18.9   16.8        11\n         Plasma 4Wh/m3   18.6    9.9        47\n         Plasma 6Wh/m3   18.6    5.6        70\n         Plasma 8Wh/m3     18    2.7        85\n   Plasma 6Wh UV 1440W     17    1.2        93\n                   NaN    NaN    NaN       NaN\n  20 Hz 50mg 482.1m3/h    Aus     An Abbau [%]\n      UV 1440W (3.0Wh)   48.6   39.8        18\n       UV 960W (2.0Wh)   47.6   45.5         4\n       UV 480W (1.0Wh)   50.6   49.3         3\n         Plasma 4Wh/m3   52.4   41.1        31\n         Plasma 6Wh/m3   52.4   35.9        31\n         Plasma 8Wh/m3   51.4   30.2        41\n   Plasma 6Wh UV 1440W   51.2     28        45\n                   NaN    NaN    NaN       NaN\n 20 Hz 150mg 482.1m3/h    Aus     An Abbau [%]\n      UV 1440W (3.0Wh)  152.3  145.6         5\n       UV 960W (2.0Wh)      -      -         -\n       UV 480W (1.0Wh)      -      -         -\n         Plasma 4Wh/m3  150.7    138         8\n         Plasma 6Wh/m3  150.7  131.2        13\n         Plasma 8Wh/m3  149.5  124.9        16\n   Plasma 6Wh UV 1440W  150.1  119.3        21\n======================================================================\n\n======================================================================\nSheet: D760\nDimensions: 40 rows × 4 columns\nColumns: 10 Hz 20mg 345.0m3/h, Aus, An, Abbau [%]\n\n--- Data Preview (first 40 rows) ---\n  10 Hz 20mg 345.0m3/h    Aus     An Abbau [%]\n      UV 1440W (4.2Wh)   18.4   10.9        41\n       UV 960W (2.8Wh)   18.3   12.9        30\n       UV 480W (1.4Wh)   18.6   15.4        17\n                   NaN    NaN    NaN       NaN\n  10 Hz 50mg 345.0m3/h    Aus     An Abbau [%]\n      UV 1440W (4.2Wh)   56.3   51.2         9\n       UV 960W (2.8Wh)     57   49.9        12\n       UV 480W (1.4Wh)   55.9     52         7\n                   NaN    NaN    NaN       NaN\n10 Hz 150mg 345.0 m3/h    Aus     An Abbau [%]\n      UV 1440W (4.2Wh)      -      -         -\n       UV 960W (2.8Wh)      -      -         -\n       UV 480W (1.4Wh)      -      -         -\n                   NaN    NaN    NaN       NaN\n  20 Hz 20mg 522.3m3/h    Aus     An Abbau [%]\n      UV 1440W (2.8Wh)   20.7   14.9        28\n       UV 960W (1.8Wh)   20.7   16.7        19\n       UV 480W (0.9Wh)   19.9   18.2         9\n         Plasma 4Wh/m3   19.5    9.5        51\n         Plasma 6Wh/m3   18.7    6.8        64\n         Plasma 8Wh/m3   17.6    4.1        77\n   Plasma 6Wh UV 1440W   16.6    2.6        84\n                   NaN    NaN    NaN       NaN\n  20 Hz 50mg 522.3m3/h    Aus     An Abbau [%]\n      UV 1440W (2.8Wh)   44.4   41.2         7\n       UV 960W (1.8Wh)   46.1   42.9         7\n       UV 480W (0.9Wh)      -      -         -\n         Plasma 4Wh/m3   46.8   35.2        25\n         Plasma 6Wh/m3   46.7   30.7        34\n         Plasma 8Wh/m3   46.4   27.5        41\n   Plasma 6Wh UV 1440W   45.6   26.4        42\n                   NaN    NaN    NaN       NaN\n 20 Hz 150mg 522.3m3/h    Aus     An Abbau [%]\n      UV 1440W (2.8Wh)      -      -         -\n       UV 960W (1.8Wh)      -      -         -\n       UV 480W (0.9Wh)      -      -         -\n         Plasma 4Wh/m3  154.7  138.7        10\n         Plasma 6Wh/m3  147.8  123.5        16\n         Plasma 8Wh/m3  146.8  120.2        18\n   Plasma 6Wh UV 1440W  145.2  120.5        17"
    },
    "process_parameters": {
      "flow_rate": {
        "value": null,
        "unit": "m3/h",
        "min_value": null,
        "max_value": null
      },
      "temperature": {
        "value": null,
        "unit": "degC"
      },
      "pressure": {
        "value": null,
        "unit": "mbar",
        "type": null
      },
      "humidity": {
        "value": null,
        "unit": "%",
        "type": null
      },
      "oxygen_content_percent": null,
      "particulate_load": {
        "value": null,
        "unit": "mg/m3"
      },
      "operating_schedule": null
    },
    "current_abatement_systems": {
      "technologies_in_place": [
        "Kolonnenwäscher"
      ],
      "removal_efficiencies": "Kolonnenwäscher: Aus 18.3, An 13.2, Abbau [%] 28",
      "problems_reported": null,
      "maintenance_costs": null
    },
    "industry_and_process": {
      "industry_sector": "coating",
      "specific_processes": "Primer/Topcoat application and solvent use (Primer P60A, Seevenax Primer 113-22, Topcoat F69 grau, Diestone DLS, D760, Celomer, 4125/2047 BAC707)",
      "production_volumes": null,
      "raw_materials": "Primer P60A; Seevenax Primer 113-22; Topcoat F69 grau; Diestone DLS (1-Methoxy-2-propanol); D760 (Benzylalkohol); Celomer, 4125/2047 BAC707"
    },
    "requirements_and_constraints": {
      "target_removal_efficiency_percent": null,
      "outlet_concentration_limit": {
        "value": null,
        "unit": "mg/Nm3"
      },
      "regulatory_requirements": "",
      "space_constraints": "",
      "energy_consumption_limits": null,
      "budget_constraints": {
        "capex": null,
        "opex": null
      },
      "atex_classification": null,
      "safety_requirements": ""
    },
    "site_conditions": {
      "utilities_available": {
        "electricity": null,
        "water": null,
        "compressed_air": null,
        "steam": null
      },
      "installation_location": "",
      "ambient_conditions": {
        "temperature_range": null,
        "humidity": null,
        "corrosive_environment": null
      },
      "access_constraints": null
    },
    "customer_knowledge_and_expectations": {
      "technologies_mentioned": [
        "UV",
        "Plasma",
        "Kolonnenwäscher"
      ],
      "technologies_currently_considering": [
        "UV",
        "Plasma",
        "Kolonnenwäscher"
      ],
      "previous_experience": "Pilot/bench measurements across UV power levels and plasma energy densities with combined Plasma 6Wh UV 960W/1440W configurations.",
      "technology_preferences": null,
      "technical_sophistication": "high"
    },
    "customer_specific_questions": [],
    "timeline_and_project_phase": {
      "timeline": null,
      "project_phase": "feasibility"
    },
    "data_quality_issues": [
      {
        "issue": "No explicit VOC concentrations (mg/Nm3 or ppm) provided for individual substances",
        "severity": "HIGH",
        "impact_description": "Prevents accurate sizing, energy demand estimation, and compliance checks; only relative 'Aus/An' and 'Abbau [%]' shown without inlet concentration units",
        "examples": [
          "Sheets '4125', 'F69', 'Diestone', 'Seevenax', 'D760' list Aus/An/Abbau [%] but no mg/Nm3 or ppm"
        ]
      },
      {
        "issue": "Flow rate varies by test condition without a defined design basis",
        "severity": "MEDIUM",
        "impact_description": "Unclear which m3/h should be used for system design; risk of under/oversizing",
        "examples": [
          "10 Hz 20mg 332.7 m3/h",
          "20 Hz 20mg 522.4 m3/h",
          "10 Hz 20mg 335.9 m3/h",
          "20 Hz 20mg 477.8 m3/h",
          "20 Hz 50mg 522.3m3/h"
        ]
      },
      {
        "issue": "CAS numbers missing for identified VOCs",
        "severity": "MEDIUM",
        "impact_description": "Additional effort required to confirm hazards and regulatory thresholds; affects risk assessment",
        "examples": [
          "1-Methoxy-2-propanol",
          "Benzylalkohol"
        ]
      },
      {
        "issue": "Environmental and process conditions not reported (temperature, humidity, pressure, oxygen, particulates)",
        "severity": "HIGH",
        "impact_description": "Affects technology selection, oxidation efficiency, by-product formation, and safety margins",
        "examples": [
          "No degC, %, mbar values provided in any sheet"
        ]
      },
      {
        "issue": "Operating schedule not specified",
        "severity": "LOW",
        "impact_description": "Impacts CAPEX/OPEX optimization and maintenance planning",
        "examples": []
      },
      {
        "issue": "Measurement completeness issues and missing data entries",
        "severity": "MEDIUM",
        "impact_description": "Data gaps reduce confidence in reported Abbau [%] and comparability between tests",
        "examples": [
          "Seevenax: 'UV 960W (2.0Wh)      -      -         -'",
          "F69: '20 Hz 150mg XX m3/h ... nicht möglich Schwankungen zu gross'",
          "D760: multiple '-' entries for 150mg cases"
        ]
      },
      {
        "issue": "Potential carcinogen formation risk from oxidation of alcohols and aromatics in coating solvents",
        "severity": "CRITICAL",
        "impact_description": "Alcohol and aromatic oxidation under UV/Plasma can form formaldehyde/acetaldehyde (IARC Group 1/2A); requires catalytic polishing and monitoring",
        "examples": [
          "Solvent components include 1-Methoxy-2-propanol and Benzylalkohol; UV/Plasma oxidation tests performed"
        ]
      }
    ]
  },
  "critical_fields": [
    "pollutant_characterization.pollutant_list[0].name",
    "pollutant_characterization.pollutant_list[1].name"
  ],
  "acceptable_variations": {}
}